// Jest Snapshot v1, https://goo.gl/fbAQLP

exports[`<Profile /> match snapshot 1`] = `
<div>
  <div>
    <b>
      gyutae
    </b>
    Â 
    <span>
      (
      alphonse
      )
    </span>
  </div>
</div>
`;
